cache_limit --max 1000
[[0,0.0,0.0],100]
cache_limit
[[0,0.0,0.0],1000]
