cache_limit --max LIMIT
[[[-22,0.0,0.0],"max value is invalid unsigned integer format: <LIMIT>"],100]
#|e| max value is invalid unsigned integer format: <LIMIT>
